IZVJEŠTAJ AUTOMATSKIH TESTOVA — Simulator trgovanja kriptovalutama
Datum izvođenja: 26. 09. 2026. 18:15

SAŽETAK
Skupina                                                Opseg   Rezultat
Backend (Python unittest)                         84 testova   PROLAZ
  - Strategije (MA, RSI, Bollinger)                    21 t.   PROLAZ
  - Backtester (izvršenje i metrike)                   12 t.   PROLAZ
  - API i validacija                                   21 t.   PROLAZ
  - Tržišni podaci (Binance, granice, cache)           19 t.   PROLAZ
  - Persistencija (SQLite i povijest)                  11 t.   PROLAZ
Frontend (Angular + Vitest)                       33 testova   PROLAZ
E2E graf (Playwright + Edge)                      1 scenarij   PROLAZ

====================================================================================================
BACKEND (PYTHON UNITTEST)
====================================================================================================
test_duplicate_query_parameter (test_api.ApiValidationTests)
Validacija: parametar naveden dvaput u URL-u odbija se. ... ok
test_empty_market_data_is_400_without_database_write (test_api.ApiValidationTests)
Podaci: prazan skup tržišnih podataka vraća 400 i ništa se ne sprema. ... ok
test_excessive_date_range (test_api.ApiValidationTests)
Validacija: predugo razdoblje za odabrani interval odbija se. ... ok
test_insufficient_market_data_is_400 (test_api.ApiValidationTests)
Podaci: premalo OHLCV zapisa za odabrani prozor vraća 400. ... ok
test_invalid_bollinger_parameters (test_api.ApiValidationTests)
Validacija: Bollinger prozor mora biti barem 2, a broj devijacija veći od 0. ... ok
test_invalid_capital_on_all_backtest_endpoints (test_api.ApiValidationTests)
Validacija: početni kapital mora biti konačan broj veći od 0 (HTTP 400). ... ok
test_invalid_dates (test_api.ApiValidationTests)
Validacija: datumi moraju biti oba navedena, stvarni, u formatu YYYY-MM-DD i ne u budućnosti. ... ok
test_invalid_market_inputs (test_api.ApiValidationTests)
Validacija: neispravan simbol, interval ili limit odbija se na svim rutama. ... ok
test_invalid_moving_average_windows (test_api.ApiValidationTests)
Validacija: MA prozori moraju biti pozitivni cijeli brojevi i kratki manji od dugog. ... ok
test_invalid_request_body (test_api.ApiValidationTests)
Validacija: tijelo POST zahtjeva mora biti JSON objekt s poznatom strategijom i njezinim parametrima. ... ok
test_invalid_rsi_period_and_thresholds (test_api.ApiValidationTests)
Validacija: RSI period mora biti pozitivan, a vrijediti 0 <= oversold < overbought <= 100. ... ok
test_json_integers_must_be_whole_numbers (test_api.ApiValidationTests)
Validacija: cijeli brojevi u JSON-u ne smiju biti decimalni ni logičke vrijednosti. ... ok
test_legal_rsi_boundary_parameters (test_api.ApiValidationTests)
Validacija: rubne dopuštene RSI vrijednosti (period 1, granice 0 i 100) su prihvaćene. ... ok
test_minimum_sufficient_market_data_is_accepted (test_api.ApiValidationTests)
Podaci: točno minimalan broj OHLCV zapisa je prihvaćen. ... ok
test_nonexistent_binance_symbol_becomes_400 (test_api.ApiValidationTests)
Podaci: simbol koji ne postoji na Binanceu vraća 400 s jasnom porukom. ... ok
test_running_a_backtest_requires_post (test_api.ApiValidationTests)
REST: simulacija se pokreće samo POST zahtjevom; GET je ne pokreće ni ne sprema. ... ok
test_valid_calendar_dates_pass_to_data_service (test_api.ApiValidationTests)
Validacija: ispravni kalendarski datumi (i 29. veljače) prosljeđuju se dohvatu podataka. ... ok
test_valid_chart_endpoints (test_api.ApiValidationTests)
Graf: rute za podatke grafa rade za sve tri strategije. ... ok
test_valid_compare_returns_fixed_configurations_without_save (test_api.ApiValidationTests)
Usporedba: uvijek koristi fiksne referentne parametre i ništa ne sprema. ... ok
test_valid_requests_keep_response_shape_and_save_once (test_api.ApiValidationTests)
REST: ispravna simulacija vraća 201, ID i adresu spremljene simulacije te se sprema jednom. ... ok
test_wrong_json_types_are_400_not_500 (test_api.ApiValidationTests)
Validacija: lista, objekt ili logička vrijednost umjesto teksta ili broja vraća 400, a ne 500. ... ok
test_open_position_is_force_closed_at_last_close (test_backtester.ExecutionModelTests)
Kraj razdoblja: otvorena pozicija zatvara se po posljednjoj cijeni i označava se. ... ok
test_position_closed_by_signal_is_not_marked_as_open_at_end (test_backtester.ExecutionModelTests)
Kraj razdoblja: pozicija zatvorena signalom nije označena kao otvorena na kraju. ... ok
test_repeated_buy_or_sell_signals_are_ignored (test_backtester.ExecutionModelTests)
Izvršenje: samo long pozicija; ponovljena kupnja ili prodaja bez pozicije se ignorira. ... ok
test_trade_times_match_market_rows (test_backtester.ExecutionModelTests)
Izvršenje: vrijeme i redak svake transakcije odgovaraju OHLCV zapisu, i kod završnog zatvaranja. ... ok
test_trades_use_close_price_of_signal_row (test_backtester.ExecutionModelTests)
Izvršenje: kupnja i prodaja izvršavaju se po cijeni zatvaranja retka na kojem je signal. ... ok
test_whole_balance_is_invested_and_returned (test_backtester.ExecutionModelTests)
Izvršenje: pri kupnji se ulaže cijeli kapital, a prodaja zatvara cijelu poziciju. ... ok
test_rejects_zero_capital_and_empty_data (test_backtester.InputTests)
Ulazi: backtester odbija početni kapital 0 i prazne tržišne podatke. ... ok
test_forced_final_close_counts_as_trade_in_metrics (test_backtester.MetricsTests)
Metrike: prisilno zatvaranje na kraju ulazi u broj transakcija i stopu dobitnih. ... ok
test_max_drawdown_is_largest_drop_from_previous_peak (test_backtester.MetricsTests)
Metrike: najveći pad je najveći postotni pad vrijednosti portfelja od prethodnog vrha. ... ok
test_return_is_relative_to_initial_balance (test_backtester.MetricsTests)
Metrike: povrat je postotna promjena u odnosu na početni kapital. ... ok
test_win_rate_counts_winning_and_losing_trades (test_backtester.MetricsTests)
Metrike: stopa dobitnih transakcija broji i gubitne transakcije. ... ok
test_without_trades_metrics_are_zero (test_backtester.MetricsTests)
Metrike: bez transakcija povrat, pad i stopa dobitnih iznose 0. ... ok
test_existing_blank_cache_is_downloaded_again (test_market_data.BrokenCacheTests)
Cache: prazna ili oštećena cache datoteka ponovno se dohvaća s Binancea. ... ok
test_repeated_empty_response_does_not_create_broken_cache (test_market_data.BrokenCacheTests)
Cache: prazan odgovor Binancea ne stvara praznu cache datoteku i ne sprema simulaciju. ... ok
test_cache_saved_before_period_ended_is_downloaded_again (test_market_data.CacheExpiryTests)
Cache: cache spremljen prije kraja razdoblja ponovno se dohvaća. ... ok
test_finished_period_is_cached_permanently (test_market_data.CacheExpiryTests)
Cache: razdoblje koje je završilo prije spremanja trajno se čita iz cachea. ... ok
test_latest_query_cache_expires (test_market_data.CacheExpiryTests)
Cache: upit za zadnjih N zapisa koristi cache samo 5 minuta. ... ok
test_period_reaching_today_uses_cache_only_within_ttl (test_market_data.CacheExpiryTests)
Cache: razdoblje koje uključuje danas koristi cache samo 5 minuta. ... ok
test_symbol_list_is_downloaded_once_per_hour (test_market_data.CacheExpiryTests)
Cache: popis simbola dohvaća se najviše jednom na sat. ... ok
test_binance_server_error_becomes_502 (test_market_data.NetworkErrorTests)
Mreža: pogreška poslužitelja Binancea daje HTTP 502. ... ok
test_connection_error_becomes_502 (test_market_data.NetworkErrorTests)
Mreža: nedostupan Binance daje HTTP 502 s porukom, bez spremanja. ... ok
test_every_binance_request_has_a_timeout (test_market_data.NetworkErrorTests)
Mreža: svaki poziv prema Binanceu ima vremensko ograničenje (timeout). ... ok
test_invalid_json_becomes_502 (test_market_data.NetworkErrorTests)
Mreža: neispravan odgovor Binancea daje HTTP 502. ... ok
test_rate_limit_becomes_502_with_explanation (test_market_data.NetworkErrorTests)
Mreža: ograničenje broja zahtjeva (HTTP 429) daje HTTP 502 s objašnjenjem. ... ok
test_timeout_becomes_504 (test_market_data.NetworkErrorTests)
Mreža: Binance koji ne odgovori na vrijeme daje HTTP 504 s porukom, bez spremanja. ... ok
test_backtest_does_not_trade_after_end_date (test_market_data.PeriodBoundaryTests)
Granice: simulacija ne koristi nijedan zapis nakon završnog datuma. ... ok
test_daily_row_of_end_date_is_kept (test_market_data.PeriodBoundaryTests)
Granice: dnevni zapis završnog datuma ostaje u analizi. ... ok
test_latest_query_drops_forming_row_and_keeps_limit (test_market_data.PeriodBoundaryTests)
Granice: upit za zadnjih N zapisa izostavlja nedovršeni tekući zapis. ... ok
test_monthly_row_crossing_end_date_is_dropped (test_market_data.PeriodBoundaryTests)
Granice: mjesečni zapis koji završava nakon završnog datuma ne ulazi u analizu. ... ok
test_old_cache_with_crossing_row_is_corrected_without_download (test_market_data.PeriodBoundaryTests)
Granice: stari cache s prelaznim zapisom ispravlja se bez ponovnog dohvata. ... ok
test_weekly_row_crossing_end_date_is_dropped (test_market_data.PeriodBoundaryTests)
Granice: tjedni zapis koji završava nakon završnog datuma ne ulazi u analizu. ... ok
test_all_strategies_keep_serializable_chart_snapshot (test_persistence.ChartSnapshotTests)
Snimka grafa: svaka strategija sprema vremensku os, cijene i indikatore korištene u simulaciji. ... ok
test_snapshot_survives_database_roundtrip_without_bloating_history (test_persistence.ChartSnapshotTests)
Snimka grafa: nakon spremanja i učitavanja ostaje ista, a popis povijesti je ne učitava. ... ok
test_unavailable_indicator_values_are_gaps_not_zeroes (test_persistence.ChartSnapshotTests)
Snimka grafa: nedostupne vrijednosti indikatora spremaju se kao praznine, ne kao nule. ... ok
test_dashboard_summarises_saved_simulations (test_persistence.HistoryRouteTests)
Nadzorna ploča: sažetak broji spremljene simulacije i pronalazi najveći zabilježeni povrat. ... ok
test_delete_removes_only_the_selected_simulation (test_persistence.HistoryRouteTests)
Povijest: brisanje uklanja samo odabranu simulaciju. ... ok
test_details_and_delete_of_missing_simulation_return_404 (test_persistence.HistoryRouteTests)
Povijest: detalji i brisanje nepostojeće simulacije vraćaju 404. ... ok
test_custom_parameters_are_saved_and_returned_by_history_and_details (test_persistence.SavedSimulationTests)
Parametri: spremljeni parametri svake strategije vraćaju se u povijesti i detaljima. ... ok
test_default_parameters_are_saved_when_request_omits_them (test_persistence.SavedSimulationTests)
Parametri: kad zahtjev ne navede parametre, spremaju se zadane vrijednosti. ... ok
test_existing_database_without_parameters_column_is_migrated (test_persistence.SavedSimulationTests)
Migracija: postojeća baza bez stupca za parametre nadograđuje se bez gubitka podataka. ... ok
test_saved_result_is_identical_after_loading (test_persistence.SavedSimulationTests)
Spremanje: rezultat učitan iz baze jednak je rezultatu koji je API vratio. ... ok
test_two_rsi_runs_with_different_thresholds_are_distinguishable (test_persistence.SavedSimulationTests)
Parametri: dvije RSI simulacije s granicama 30/70 i 20/80 razlikuju se u povijesti. ... ok
test_bands_use_moving_average_and_sample_standard_deviation (test_strategies.BollingerTests)
Bollinger: srednja ovojnica je pomični prosjek, a širina koristi uzoračku standardnu devijaciju. ... ok
test_buy_below_lower_band_and_sell_above_upper_band (test_strategies.BollingerTests)
Bollinger: kupnja ispod donje ovojnice, prodaja iznad gornje. ... ok
test_flat_prices_collapse_bands_without_signal (test_strategies.BollingerTests)
Bollinger: ravne cijene daju ovojnice jednake cijeni i nijedan signal. ... ok
test_neutral_rows_preserve_state_and_allow_reentry (test_strategies.BollingerTests)
Bollinger: cijena unutar ovojnica zadržava stanje, a novi pad ispod donje ponovno otvara poziciju. ... ok
test_buy_when_short_average_crosses_above_long (test_strategies.MovingAverageTests)
MA: kupnja nastaje kad kratki prosjek prijeđe iznad dugog. ... ok
test_enters_immediately_when_short_average_is_already_above (test_strategies.MovingAverageTests)
MA: ako je kratki prosjek već iznad dugog kad oba postoje, kupnja nastaje odmah. ... ok
test_equal_averages_do_not_signal (test_strategies.MovingAverageTests)
MA: jednaki prosjeci (ravne cijene) ne daju signal kupnje. ... ok
test_no_signal_before_long_average_exists (test_strategies.MovingAverageTests)
MA: nema signala dok dugi prosjek nema dovoljno podataka. ... ok
test_repeated_crossings_open_and_close_positions_again (test_strategies.MovingAverageTests)
MA: nakon prodaje novo križanje ponovno otvara poziciju. ... ok
test_sell_when_short_average_crosses_below_long (test_strategies.MovingAverageTests)
MA: prodaja nastaje kad kratki prosjek padne ispod dugog. ... ok
test_first_value_uses_exactly_period_price_changes (test_strategies.RsiTests)
RSI: prva vrijednost koristi točno `period` stvarnih promjena cijene. ... ok
test_flat_prices_give_neutral_rsi_50_without_nan (test_strategies.RsiTests)
RSI: potpuno ravne cijene daju neutralni RSI 50 bez NaN vrijednosti. ... ok
test_flat_rsi_50_is_compared_like_any_other_value (test_strategies.RsiTests)
RSI: vrijednost 50 uspoređuje se s granicama kao i svaka druga. ... ok
test_monotonic_fall_gives_rsi_0_and_buy_signal (test_strategies.RsiTests)
RSI: cijena koja samo pada daje RSI 0 i signal kupnje. ... ok
test_monotonic_rise_gives_rsi_100_without_nan (test_strategies.RsiTests)
RSI: cijena koja samo raste daje RSI 100 bez NaN vrijednosti. ... ok
test_neutral_rows_preserve_state_and_allow_reentry (test_strategies.RsiTests)
RSI: vrijednosti između granica zadržavaju stanje, a nova preprodanost ponovno otvara poziciju. ... ok
test_rsi_stays_within_0_and_100 (test_strategies.RsiTests)
RSI: vrijednost je uvijek između 0 i 100. ... ok
test_no_trades_without_entry_signal (test_strategies.SharedStrategyTests)
Sve strategije: bez signala kupnje nema transakcija i kapital ostaje isti. ... ok
test_open_position_is_closed_at_last_price_when_no_sell_signal (test_strategies.SharedStrategyTests)
Sve strategije: bez signala prodaje pozicija se zatvara po posljednjoj cijeni. ... ok
test_signals_close_positions_before_end_of_period (test_strategies.SharedStrategyTests)
Sve strategije: signal prodaje zatvara poziciju prije kraja razdoblja. ... ok
test_strategies_do_not_change_input_data (test_strategies.SharedStrategyTests)
Sve strategije: ulazni tržišni podaci ostaju nepromijenjeni. ... ok

----------------------------------------------------------------------
Ran 84 tests in 1.292s

OK

====================================================================================================
FRONTEND (ANGULAR + VITEST)
====================================================================================================
✓ src/app/utils/strategy-parameters.spec.ts > Oblikovanje parametara strategije > oblikuje prozore pomičnih prosjeka 4ms
✓ src/app/utils/strategy-parameters.spec.ts > Oblikovanje parametara strategije > oblikuje RSI period i granice uvijek istim redom 2ms
✓ src/app/utils/strategy-parameters.spec.ts > Oblikovanje parametara strategije > zadržava decimalni broj standardnih devijacija 0ms
✓ src/app/utils/strategy-parameters.spec.ts > Oblikovanje parametara strategije > označava starije simulacije bez spremljenih parametara 1ms
✓ src/app/services/backtest.service.spec.ts > Servis simulacija (BacktestService) > pokreće simulaciju POST zahtjevom s JSON tijelom 35ms
✓ src/app/services/backtest.service.spec.ts > Servis simulacija (BacktestService) > traži usporedbu GET zahtjevom s parametrima u URL-u 6ms
✓ src/app/components/dashboard-stats/dashboard-stats.spec.ts > Sažetak nadzorne ploče (DashboardStatsComponent) > prikazuje sažetak spremljenih simulacija s preciznim nazivima 151ms
✓ src/app/services/pdf.service.spec.ts > PDF izvještaj (PdfService) > upisuje spremljene parametre strategije u izvještaj 61ms
✓ src/app/services/pdf.service.spec.ts > PDF izvještaj (PdfService) > opisuje model izvršenja i izostanak transakcijskih troškova 11ms
✓ src/app/services/pdf.service.spec.ts > PDF izvještaj (PdfService) > označava prisilno zatvorenu poziciju, i kod starijih rezultata 17ms
✓ src/app/services/pdf.service.spec.ts > PDF izvještaj (PdfService) > navodi da starije simulacije nemaju spremljene parametre 9ms
✓ src/app/components/best-backtest/best-backtest.spec.ts > Simulacija s najvećim povratom (BestBacktestComponent) > ne prikazuje ništa dok nema spremljenih simulacija 156ms
✓ src/app/components/best-backtest/best-backtest.spec.ts > Simulacija s najvećim povratom (BestBacktestComponent) > prikazuje simulaciju s preciznim naslovom, razdobljem i parametrima 34ms
✓ src/app/components/strategy-comparison/strategy-comparison.spec.ts > Usporedba strategija (StrategyComparisonComponent) > prikazuje fiksne referentne parametre i precizan naziv za najveći povrat 217ms
✓ src/app/components/simulation-history/simulation-history.spec.ts > Povijest simulacija (SimulationHistoryComponent) > prikazuje spremljene parametre svake simulacije 192ms
✓ src/app/components/simulation-history/simulation-history.spec.ts > Povijest simulacija (SimulationHistoryComponent) > označava starije simulacije spremljene bez parametara 29ms
✓ src/app/components/result-cards/result-cards.spec.ts > Rezultati simulacije (ResultCardsComponent) > objašnjava poziciju prisilno zatvorenu na kraju razdoblja 159ms
✓ src/app/components/result-cards/result-cards.spec.ts > Rezultati simulacije (ResultCardsComponent) > čita stari naziv open_position kod ranije spremljenih simulacija 37ms
✓ src/app/components/result-cards/result-cards.spec.ts > Rezultati simulacije (ResultCardsComponent) > prikazuje pretpostavke modela simulacije 23ms
✓ src/app/components/trade-history/trade-history.spec.ts > Popis transakcija (TradeHistoryComponent) > prikazuje kupnje, prodaje i prisilno zatvaranje na kraju razdoblja u UTC vremenu 197ms
✓ src/app/components/trade-history/trade-history.spec.ts > Popis transakcija (TradeHistoryComponent) > ne prikazuje tablicu kad simulacija nema transakcija 43ms
✓ src/app/components/result-cards/result-cards.spec.ts > Rezultati simulacije (ResultCardsComponent) > prikazuje početni kapital i parametre strategije 30ms
✓ src/app/components/strategy-chart/strategy-chart.spec.ts > Graf strategije (StrategyChartComponent) > za stariju simulaciju bez snimke grafa dohvaća podatke sa spremljenim parametrima 175ms
✓ src/app/components/strategy-chart/strategy-chart.spec.ts > Graf strategije (StrategyChartComponent) > označava prisilno zatvaranje na kraju razdoblja drugačije od obične prodaje 17ms
✓ src/app/components/simulation-form/simulation-form.spec.ts > Obrazac simulacije (SimulationFormComponent) > prikazuje samo polja parametara odabrane strategije 232ms
✓ src/app/components/simulation-form/simulation-form.spec.ts > Obrazac simulacije (SimulationFormComponent) > prikazuje poruku validacije i onemogućuje pokretanje 43ms
✓ src/app/app.spec.ts > Aplikacija (App) > pri pokretanju učitava povijest, sažetak i simulaciju s najvećim povratom 224ms
✓ src/app/app.spec.ts > Aplikacija (App) > prikazuje naslov aplikacije 50ms
✓ src/app/app.spec.ts > Aplikacija (App) > prikazuje poruku backenda kad Binance ne odgovori tijekom usporedbe 45ms
✓ src/app/app.spec.ts > Aplikacija (App) > šalje odabranu strategiju i njezine parametre jednim POST zahtjevom 112ms
✓ src/app/app.spec.ts > Aplikacija (App) > ne šalje zahtjev dok obrazac nije ispravan 28ms
✓ src/app/app.spec.ts > Aplikacija (App) > briše simulaciju tek nakon potvrde i ponovno učitava povijest 42ms
✓ src/app/app.spec.ts > Aplikacija (App) > pri otvaranju simulacije iz povijesti vraća spremljene parametre u obrazac 52ms

Test Files  12 passed (12)
Tests  33 passed (33)
Duration  3.51s (transform 1.99s, setup 9.00s, import 2.93s, tests 2.46s, environment 16.30s)

====================================================================================================
E2E GRAF (PLAYWRIGHT + EDGE)
====================================================================================================

> frontend@0.0.0 test:e2e
> node scripts/run-e2e.cjs

PROLAZ: zumiranje (gumbi i kotačić), pomicanje, oznake i navigacija transakcija, ponovno otvaranje kartice, sve tri strategije, prazno/starije/pogreška stanje, prikaz na računalu i mobitelu te kontrast teksta.
